---
source: src/tests.rs
expression: hf
---
(
    [],
    Map {
        f: | (value , _) | { value },
        input: Map {
            f: | (x) | { let value = x ; (value , ()) },
            input: Map {
                f: | (x , ()) | { (x) },
                input: Map {
                    f: | (mut hf_in) | { let value = hf_in + 1 ; (value , ()) },
                    input: Map {
                        f: | (hf_in) | { (hf_in) },
                        input: Tee {
                            inner: RefCell {
                                value: Placeholder,
                            },
                        },
                    },
                },
            },
        },
    },
)
