---
source: src/tests.rs
expression: visualize(hf)
---
node0=Placeholder;

node1=node0.tee() 
	.map(| _ | { () }) 
	.map(| () | { let value = 1 == 2 ; (value , ()) });

node1.tee() 
	.filter_map(| (cond , scope) | { if cond != true { return None } Some (scope) }) 
	.map(| () | { let value = 3 ; (value , ()) }) 
	.union(
		node1.tee() 
		.filter_map(| (cond , scope) | { if cond != false { return None } Some (scope) }) 
		.map(| () | { let value = 4 ; (value , ()) })
	) 
	.map(| (value , _) | { value })
